
> react-kavia@0.1.0 start
> react-scripts start

(node:115672) [DEP_WEBPACK_DEV_SERVER_ON_AFTER_SETUP_MIDDLEWARE] DeprecationWarning: 'onAfterSetupMiddleware' option is deprecated. Please use the 'setupMiddlewares' option.
(Use `node --trace-deprecation ...` to show where the warning was created)
(node:115672) [DEP_WEBPACK_DEV_SERVER_ON_BEFORE_SETUP_MIDDLEWARE] DeprecationWarning: 'onBeforeSetupMiddleware' option is deprecated. Please use the 'setupMiddlewares' option.
Starting the development server...

Compiled successfully!

You can now view react-kavia in the browser.

  Local:            http://localhost:3000
  On Your Network:  http://172.17.0.2:3000

Note that the development build is not optimized.
To create a production build, use npm run build.

webpack compiled successfully
Compiling...
Compiled with warnings.

Module not found: Error: Can't resolve 'react-router-dom' in '/home/kavia/workspace/code-generation/cityfix-hub-27305-4e135e4d/cityfix_hub/src'

[eslint] 
src/App.js
  Line 7:5:  'Router' is defined but never used  no-unused-vars

Search for the keywords to learn more about each warning.
To ignore, add // eslint-disable-next-line to the line before.

WARNING in ./src/App.js 18:6-33
Module not found: Error: Can't resolve 'react-router-dom' in '/home/kavia/workspace/code-generation/cityfix-hub-27305-4e135e4d/cityfix_hub/src'

WARNING in [eslint] 
src/App.js
  Line 7:5:  'Router' is defined but never used  no-unused-vars

webpack compiled with 2 warnings
